Microchip MPLAB XC8 Compiler V2.00 ()

Linker command line:

-W-3 --edf=C:\Program Files (x86)\Microchip\xc8\v2.00\pic\dat\en_msgs.txt \
  -cs -h+dist/default/production\ROK8ZAD2.X.production.sym \
  --cmf=dist/default/production\ROK8ZAD2.X.production.cmf -z -Q16F877A \
  -oC:\Users\sabic\AppData\Local\Temp\s35o.2 --defsym=__MPLAB_BUILD=1 \
  -Mdist/default/production/ROK8ZAD2.X.production.map -E1 -ver=XC8 \
  --acfsm=1493 -ASTACK=0110h-016fh -pstack=STACK -ACODE=00h-07FFhx4 \
  -ASTRCODE=00h-01FFFh -ASTRING=00h-0FFhx32 -ACONST=00h-0FFhx32 \
  -AENTRY=00h-0FFhx32 -ACOMMON=070h-07Fh -ABANK0=020h-06Fh \
  -ABANK1=0A0h-0EFh -ABANK2=0110h-016Fh -ABANK3=0190h-01EFh \
  -ARAM=020h-06Fh,0A0h-0EFh,0110h-016Fh,0190h-01EFh \
  -AABS1=020h-07Fh,0A0h-0EFh,0110h-016Fh,0190h-01EFh -ASFR0=00h-01Fh \
  -ASFR1=080h-09Fh -ASFR2=0100h-010Fh -ASFR3=0180h-018Fh \
  -preset_vec=00h,intentry,init,end_init -ppowerup=CODE -pcinit=CODE \
  -pfunctab=ENTRY -ACONFIG=02007h-02007h -pconfig=CONFIG -DCONFIG=2 \
  -AIDLOC=02000h-02003h -pidloc=IDLOC -DIDLOC=2 -AEEDATA=00h-0FFh/02100h \
  -peeprom_data=EEDATA -DEEDATA=2 -DCODE=2 -DSTRCODE=2 -DSTRING=2 -DCONST=2 \
  -DENTRY=2 -k C:\Users\sabic\AppData\Local\Temp\s35o.o \
  dist/default/production\ROK8ZAD2.X.production.o 

Object code version is 3.11

Machine type is 16F877A



                Name                               Link     Load   Length Selector   Space Scale
C:\Users\sabic\AppData\Local\Temp\s35o.o
                end_init                              0        0        3        0       0
                config                             2007     2007        1     400E       0
dist/default/production\ROK8ZAD2.X.production.o
                cinit                               7EE      7EE       12      FDC       0
                text25                             16DE     16DE        9     2DBC       0
                text24                              801      801       2E     1002       0
                text23                             1747     1747       23     2E8E       0
                text22                                8        8       1A       10       0
                text21                             16FD     16FD        D     2DFA       0
                text20                              98C      98C       5E     1318       0
                text19                              938      938       54     1270       0
                text18                              82F      82F       39     105E       0
                text17                              8A9      8A9       44     1152       0
                text16                             1794     1794       36     2F28       0
                text15                             17CA     17CA       36     2F94       0
                text14                             170A     170A       12     2E14       0
                text13                             172F     172F       18     2E5E       0
                text12                              A4F      A4F       71     149E       0
                text11                              9EA      9EA       65     13D4       0
                text10                               BE       BE      20F      17C       0
                text9                              176A     176A       2A     2ED4       0
                text8                               C8B      C8B      375     1916       0
                text7                                22       22       9C       44       0
                text6                               AC0      AC0       C4     1580       0
                text5                               8ED      8ED       4B     11DA       0
                text4                               868      868       41     10D0       0
                text3                              16F1     16F1        C     2DE2       0
                text2                              16D6     16D6        8     2DAC       0
                text1                               B84      B84      107     1708       0
                maintext                            2CD      2CD      521      59A       0
                cstackBANK0                          20       20       24       20       1
                cstackCOMMON                         70       70        E       70       1
                cstackBANK1                          A0       A0       2D       A0       1
                inittext                           171C     171C       13     2E38       0
                dataBANK1                            CD       CD        A       A0       1
                stringtext                         1000     1000      1EE       20       0
                idataBANK1                         16E7     16E7        A     2DCE       0

TOTAL           Name                               Link     Load   Length     Space
        CLASS   STACK          

        CLASS   CODE           
                end_init                              0        0        3         0
                cinit                               7EE      7EE       12         0
                text25                             16DE     16DE        9         0
                text24                              801      801       2E         0
                text23                             1747     1747       23         0
                text22                                8        8       1A         0
                text21                             16FD     16FD        D         0
                text20                              98C      98C       5E         0
                text19                              938      938       54         0
                text18                              82F      82F       39         0
                text17                              8A9      8A9       44         0
                text16                             1794     1794       36         0
                text15                             17CA     17CA       36         0
                text14                             170A     170A       12         0
                text13                             172F     172F       18         0
                text12                              A4F      A4F       71         0
                text11                              9EA      9EA       65         0
                text10                               BE       BE      20F         0
                text9                              176A     176A       2A         0
                text8                               C8B      C8B      375         0
                text7                                22       22       9C         0
                text6                               AC0      AC0       C4         0
                text5                               8ED      8ED       4B         0
                text4                               868      868       41         0
                text3                              16F1     16F1        C         0
                text2                              16D6     16D6        8         0
                text1                               B84      B84      107         0
                maintext                            2CD      2CD      521         0
                inittext                           171C     171C       13         0
                idataBANK1                         16E7     16E7        A         0

        CLASS   STRCODE        
                stringtext                         1000     1000      1EE         0

        CLASS   STRING         

        CLASS   CONST          

        CLASS   ENTRY          

        CLASS   COMMON         
                cstackCOMMON                         70       70        E         1

        CLASS   BANK0          
                cstackBANK0                          20       20       24         1

        CLASS   BANK1          
                cstackBANK1                          A0       A0       2D         1
                dataBANK1                            CD       CD        A         1

        CLASS   BANK2          

        CLASS   BANK3          

        CLASS   RAM            

        CLASS   ABS1           
                abs_s1                               7E       7E        2         1

        CLASS   SFR0           

        CLASS   SFR1           

        CLASS   SFR2           

        CLASS   SFR3           

        CLASS   CONFIG         
                config                             2007     2007        1         0

        CLASS   IDLOC          

        CLASS   EEDATA         



SEGMENTS        Name                           Load    Length   Top    Selector   Space  Class     Delta

                reset_vec                      000000  000003  000003         0       0  CODE        2
                text22                         000008  00001A  000022        10       0  CODE        2
                cstackBANK0                    000020  000024  000044        20       1  BANK0       1
                text7                          000022  00009C  0000BE        44       0  CODE        2
                cstackCOMMON                   000070  00000E  00007E        70       1  COMMON      1
                cstackBANK1                    0000A0  000037  0000D7        A0       1  BANK1       1
                text10                         0000BE  00020F  0002CD       17C       0  CODE        2
                maintext                       0002CD  000521  0007EE       59A       0  CODE        2
                cinit                          0007EE  000012  000800       FDC       0  CODE        2
                text24                         000801  00002E  00082F      1002       0  CODE        2
                text18                         00082F  000039  000868      105E       0  CODE        2
                text4                          000868  000041  0008A9      10D0       0  CODE        2
                text17                         0008A9  000044  0008ED      1152       0  CODE        2
                text5                          0008ED  00004B  000938      11DA       0  CODE        2
                text19                         000938  000054  00098C      1270       0  CODE        2
                text20                         00098C  00005E  0009EA      1318       0  CODE        2
                text11                         0009EA  000065  000A4F      13D4       0  CODE        2
                text12                         000A4F  000071  000AC0      149E       0  CODE        2
                text6                          000AC0  0000C4  000B84      1580       0  CODE        2
                text1                          000B84  000107  000C8B      1708       0  CODE        2
                text8                          000C8B  000375  001000      1916       0  CODE        2
                stringtext                     001000  0001EE  0011EE        20       0  STRCODE     2
                text2                          0016D6  000008  0016DE      2DAC       0  CODE        2
                text25                         0016DE  000009  0016E7      2DBC       0  CODE        2
                idataBANK1                     0016E7  00000A  0016F1      2DCE       0  CODE        2
                text3                          0016F1  00000C  0016FD      2DE2       0  CODE        2
                text21                         0016FD  00000D  00170A      2DFA       0  CODE        2
                text14                         00170A  000012  00171C      2E14       0  CODE        2
                inittext                       00171C  000013  00172F      2E38       0  CODE        2
                text13                         00172F  000018  001747      2E5E       0  CODE        2
                text23                         001747  000023  00176A      2E8E       0  CODE        2
                text9                          00176A  00002A  001794      2ED4       0  CODE        2
                text16                         001794  000036  0017CA      2F28       0  CODE        2
                text15                         0017CA  000036  001800      2F94       0  CODE        2
                config                         002007  000001  002008      400E       0  CONFIG      2


UNUSED ADDRESS RANGES

        Name                Unused          Largest block    Delta
        BANK0            0044-006F             2C           1
        BANK1            00D7-00EF             19           1
        BANK2            0110-016F             60           1
        BANK3            0190-01EF             60           1
        CODE             0003-0007              5           2
                         0800-0800              1
                         11EE-16D5            4E8
                         1800-1FFF            800
        CONST            0003-0007              5           2
                         0800-0800              1
                         11EE-16D5            100
                         1800-1FFF            100
        EEDATA           2100-21FF            100           2
        ENTRY            0003-0007              5           2
                         0800-0800              1
                         11EE-16D5            100
                         1800-1FFF            100
        IDLOC            2000-2003              4           2
        RAM              0044-006F             2C           1
                         00D7-00EF             19
                         0110-016F             60
                         0190-01EF             60
        SFR0             0000-001F             20           1
        SFR1             0080-009F             20           1
        SFR2             0100-010F             10           1
        SFR3             0180-018F             10           1
        STACK            0110-016F             60           1
        STRCODE          0003-0007              5           2
                         0800-0800              1
                         11EE-16D5            4E8
                         1800-1FFF            800
        STRING           0003-0007              5           2
                         0800-0800              1
                         11EE-16D5            100
                         1800-1FFF            100

                                  Symbol Table

?_ADC_Read                 cstackCOMMON 0070
?__Umul8_16                cstackCOMMON 0070
?___awdiv                  cstackCOMMON 0070
?___awmod                  cstackCOMMON 0079
?___fldiv                  cstackCOMMON 0070
?___flmul                  cstackBANK0  0020
?___fltol                  cstackBANK0  0035
?___lwdiv                  cstackCOMMON 0070
?___lwmod                  cstackCOMMON 0078
?___xxtofl                 cstackCOMMON 0075
?_printf                   cstackBANK0  0020
ADC_Read@channel           cstackCOMMON 0074
Lcd_Cmd@a                  cstackCOMMON 0073
Lcd_Port@a                 cstackCOMMON 0070
Lcd_Set_Cursor@a           cstackCOMMON 0077
Lcd_Set_Cursor@b           cstackCOMMON 0074
Lcd_Set_Cursor@temp        cstackCOMMON 007A
Lcd_Set_Cursor@y           cstackCOMMON 0079
Lcd_Set_Cursor@z           cstackCOMMON 0078
Lcd_Write_Char@a           cstackCOMMON 0074
Lcd_Write_Char@temp        cstackCOMMON 0072
Lcd_Write_Char@y           cstackCOMMON 0073
Lcd_Write_String@a         cstackCOMMON 0075
Lcd_Write_String@i         cstackCOMMON 007A
ServoRotiraj0@i            cstackCOMMON 0072
ServoRotiraj180@i          cstackCOMMON 0072
UART_Send_Char@a           cstackCOMMON 0070
_ADCON0                    (abs)        001F
_ADCON1                    (abs)        009F
_ADC_Initialize            text25       16DE
_ADC_Read                  text24       0801
_ADRESH                    (abs)        001E
_ADRESL                    (abs)        009E
_BRGH                      (abs)        04C2
_CREN                      (abs)        00C4
_GO_nDONE                  (abs)        00FA
_Lcd_Clear                 text21       16FD
_Lcd_Cmd                   text22       0008
_Lcd_Init                  text20       098C
_Lcd_Port                  text23       1747
_Lcd_Set_Cursor            text19       0938
_Lcd_Write_Char            text18       082F
_Lcd_Write_String          text17       08A9
_OERR                      (abs)        00C1
_PORTB                     (abs)        0006
_PORTD                     (abs)        0008
_RC0                       (abs)        0038
_RC1                       (abs)        0039
_RC2                       (abs)        003A
_RCIF                      (abs)        0065
_RCREG                     (abs)        001A
_RD2                       (abs)        0042
_RD3                       (abs)        0043
_RD4                       (abs)        0044
_RD5                       (abs)        0045
_RD6                       (abs)        0046
_RD7                       (abs)        0047
_RX9                       (abs)        00C6
_SPBRG                     (abs)        0099
_SPEN                      (abs)        00C7
_SYNC                      (abs)        04C4
_ServoRotiraj0             text16       1794
_ServoRotiraj180           text15       17CA
_TRISB                     (abs)        0086
_TRISC0                    (abs)        0438
_TRISC1                    (abs)        0439
_TRISC2                    (abs)        043A
_TRISC6                    (abs)        043E
_TRISC7                    (abs)        043F
_TRISD                     (abs)        0088
_TX9                       (abs)        04C6
_TXEN                      (abs)        04C5
_TXIF                      (abs)        0064
_TXREG                     (abs)        0019
_UART_Get_Char             text14       170A
_UART_Init                 text13       172F
_UART_Send_Char            text3        16F1
__CFG_BOREN$ON             (abs)        0000
__CFG_CP$OFF               (abs)        0000
__CFG_CPD$OFF              (abs)        0000
__CFG_FOSC$HS              (abs)        0000
__CFG_LVP$OFF              (abs)        0000
__CFG_PWRTE$OFF            (abs)        0000
__CFG_WDTE$OFF             (abs)        0000
__CFG_WRT$OFF              (abs)        0000
__Habs1                    abs1         0000
__Hbank0                   bank0        0000
__Hbank1                   bank1        0000
__Hbank2                   bank2        0000
__Hbank3                   bank3        0000
__Hcinit                   cinit        0800
__Hclrtext                 clrtext      0000
__Hcode                    code         0000
__Hcommon                  common       0000
__Hconfig                  config       2008
__HcstackBANK0             cstackBANK0  0000
__HcstackBANK1             cstackBANK1  0000
__HcstackCOMMON            cstackCOMMON 0000
__HdataBANK1               dataBANK1    0000
__Heeprom_data             eeprom_data  0000
__Hend_init                end_init     0003
__Hfunctab                 functab      0000
__HidataBANK1              idataBANK1   0000
__Hidloc                   idloc        0000
__Hinit                    init         0000
__Hinittext                inittext     0000
__Hintentry                intentry     0000
__Hmaintext                maintext     0000
__Hpowerup                 powerup      0000
__Hram                     ram          0000
__Hreset_vec               reset_vec    0000
__Hsfr0                    sfr0         0000
__Hsfr1                    sfr1         0000
__Hsfr2                    sfr2         0000
__Hsfr3                    sfr3         0000
__Hspace_0                 (abs)        2008
__Hspace_1                 (abs)        00D7
__Hspace_2                 (abs)        0000
__Hspace_3                 (abs)        0000
__Hstack                   stack        0000
__Hstrings                 strings      0000
__Hstringtext              stringtext   0000
__Htext                    text         0000
__Labs1                    abs1         0000
__Lbank0                   bank0        0000
__Lbank1                   bank1        0000
__Lbank2                   bank2        0000
__Lbank3                   bank3        0000
__Lcinit                   cinit        07EE
__Lclrtext                 clrtext      0000
__Lcode                    code         0000
__Lcommon                  common       0000
__Lconfig                  config       2007
__LcstackBANK0             cstackBANK0  0000
__LcstackBANK1             cstackBANK1  0000
__LcstackCOMMON            cstackCOMMON 0000
__LdataBANK1               dataBANK1    0000
__Leeprom_data             eeprom_data  0000
__Lend_init                end_init     0000
__Lfunctab                 functab      0000
__LidataBANK1              idataBANK1   0000
__Lidloc                   idloc        0000
__Linit                    init         0000
__Linittext                inittext     0000
__Lintentry                intentry     0000
__Lmaintext                maintext     0000
__Lpowerup                 powerup      0000
__Lram                     ram          0000
__Lreset_vec               reset_vec    0000
__Lsfr0                    sfr0         0000
__Lsfr1                    sfr1         0000
__Lsfr2                    sfr2         0000
__Lsfr3                    sfr3         0000
__Lspace_0                 (abs)        0000
__Lspace_1                 (abs)        0000
__Lspace_2                 (abs)        0000
__Lspace_3                 (abs)        0000
__Lstack                   stack        0000
__Lstrings                 strings      0000
__Lstringtext              stringtext   0000
__Ltext                    text         0000
__S0                       (abs)        2008
__S1                       (abs)        00D7
__S2                       (abs)        0000
__S3                       (abs)        0000
__Umul8_16                 text9        176A
__Umul8_16@multiplicand    cstackCOMMON 0070
__Umul8_16@multiplier      cstackCOMMON 0078
__Umul8_16@product         cstackCOMMON 0074
__Umul8_16@word_mpld       cstackCOMMON 0076
___awdiv                   text12       0A4F
___awdiv@counter           cstackCOMMON 0075
___awdiv@dividend          cstackCOMMON 0072
___awdiv@divisor           cstackCOMMON 0070
___awdiv@quotient          cstackCOMMON 0077
___awdiv@sign              cstackCOMMON 0076
___awmod                   text11       09EA
___awmod@counter           cstackBANK0  0020
___awmod@dividend          cstackCOMMON 007B
___awmod@divisor           cstackCOMMON 0079
___awmod@sign              cstackBANK0  0021
___fldiv                   text10       00BE
___fldiv@a                 cstackCOMMON 0070
___fldiv@aexp              cstackBANK0  002C
___fldiv@b                 cstackCOMMON 0074
___fldiv@bexp              cstackBANK0  002B
___fldiv@grs               cstackBANK0  0027
___fldiv@new_exp           cstackBANK0  0025
___fldiv@rem               cstackBANK0  0020
___fldiv@sign              cstackBANK0  0024
___flmul                   text8        0C8B
___flmul@a                 cstackBANK0  0024
___flmul@aexp              cstackBANK0  002D
___flmul@b                 cstackBANK0  0020
___flmul@bexp              cstackBANK0  002E
___flmul@grs               cstackBANK0  0029
___flmul@prod              cstackBANK0  002F
___flmul@sign              cstackBANK0  0028
___flmul@temp              cstackBANK0  0033
___fltol                   text7        0022
___fltol@exp1              cstackBANK0  003F
___fltol@f1                cstackBANK0  0035
___fltol@sign1             cstackBANK0  003E
___int_sp                  stack        0000
___latbits                 (abs)        0002
___lwdiv                   text5        08ED
___lwdiv@counter           cstackCOMMON 0077
___lwdiv@dividend          cstackCOMMON 0072
___lwdiv@divisor           cstackCOMMON 0070
___lwdiv@quotient          cstackCOMMON 0075
___lwmod                   text4        0868
___lwmod@counter           cstackCOMMON 007D
___lwmod@dividend          cstackCOMMON 007A
___lwmod@divisor           cstackCOMMON 0078
___sp                      stack        0000
___xxtofl                  text6        0AC0
___xxtofl@arg              cstackBANK0  0022
___xxtofl@exp              cstackBANK0  0021
___xxtofl@sign             cstackBANK0  0020
___xxtofl@val              cstackCOMMON 0075
__end_of_ADC_Initialize    text25       16E7
__end_of_ADC_Read          text24       082F
__end_of_Lcd_Clear         text21       170A
__end_of_Lcd_Cmd           text22       0022
__end_of_Lcd_Init          text20       09EA
__end_of_Lcd_Port          text23       176A
__end_of_Lcd_Set_Cursor    text19       098C
__end_of_Lcd_Write_Char    text18       0868
__end_of_Lcd_Write_String  text17       08ED
__end_of_ServoRotiraj0     text16       17CA
__end_of_ServoRotiraj180   text15       1800
__end_of_UART_Get_Char     text14       171C
__end_of_UART_Init         text13       1747
__end_of_UART_Send_Char    text3        16FD
__end_of__Umul8_16         text9        1794
__end_of___awdiv           text12       0AC0
__end_of___awmod           text11       0A4F
__end_of___fldiv           text10       02CD
__end_of___flmul           text8        1000
__end_of___fltol           text7        00BE
__end_of___lwdiv           text5        0938
__end_of___lwmod           text4        08A9
__end_of___xxtofl          text6        0B84
__end_of__initialization   cinit        07FC
__end_of__stringtab        stringtext   1012
__end_of_dpowers           stringtext   101C
__end_of_main              maintext     07EE
__end_of_printf            text1        0C8B
__end_of_putch             text2        16DE
__initialization           cinit        07EE
__pcstackBANK0             cstackBANK0  0020
__pcstackBANK1             cstackBANK1  00A0
__pcstackCOMMON            cstackCOMMON 0070
__pdataBANK1               dataBANK1    00CD
__pidataBANK1              idataBANK1   16E7
__pmaintext                maintext     02CD
__pstringtext              stringtext   1000
__ptext1                   text1        0B84
__ptext10                  text10       00BE
__ptext11                  text11       09EA
__ptext12                  text12       0A4F
__ptext13                  text13       172F
__ptext14                  text14       170A
__ptext15                  text15       17CA
__ptext16                  text16       1794
__ptext17                  text17       08A9
__ptext18                  text18       082F
__ptext19                  text19       0938
__ptext2                   text2        16D6
__ptext20                  text20       098C
__ptext21                  text21       16FD
__ptext22                  text22       0008
__ptext23                  text23       1747
__ptext24                  text24       0801
__ptext25                  text25       16DE
__ptext3                   text3        16F1
__ptext4                   text4        0868
__ptext5                   text5        08ED
__ptext6                   text6        0AC0
__ptext7                   text7        0022
__ptext8                   text8        0C8B
__ptext9                   text9        176A
__size_of_ADC_Initialize   (abs)        0000
__size_of_ADC_Read         (abs)        0000
__size_of_Lcd_Clear        (abs)        0000
__size_of_Lcd_Cmd          (abs)        0000
__size_of_Lcd_Init         (abs)        0000
__size_of_Lcd_Port         (abs)        0000
__size_of_Lcd_Set_Cursor   (abs)        0000
__size_of_Lcd_Write_Char   (abs)        0000
__size_of_Lcd_Write_String (abs)        0000
__size_of_ServoRotiraj0    (abs)        0000
__size_of_ServoRotiraj180  (abs)        0000
__size_of_UART_Get_Char    (abs)        0000
__size_of_UART_Init        (abs)        0000
__size_of_UART_Send_Char   (abs)        0000
__size_of__Umul8_16        (abs)        0000
__size_of___awdiv          (abs)        0000
__size_of___awmod          (abs)        0000
__size_of___fldiv          (abs)        0000
__size_of___flmul          (abs)        0000
__size_of___fltol          (abs)        0000
__size_of___lwdiv          (abs)        0000
__size_of___lwmod          (abs)        0000
__size_of___xxtofl         (abs)        0000
__size_of_main             (abs)        0000
__size_of_printf           (abs)        0000
__size_of_putch            (abs)        0000
__stringbase               stringtext   1012
__stringtab                stringtext   1000
_dpowers                   stringtext   1012
_main                      maintext     02CD
_printf                    text1        0B84
_putch                     text2        16D6
btemp                      (abs)        007E
end_of_initialization      cinit        07FC
init_fetch0                inittext     171C
init_ram0                  inittext     1720
intlevel0                  functab      0000
intlevel1                  functab      0000
intlevel2                  functab      0000
intlevel3                  functab      0000
intlevel4                  functab      0000
intlevel5                  functab      0000
main@DISPLEJ               cstackBANK1  00A0
main@F1074                 dataBANK1    00CD
main@adc                   cstackBANK1  00AB
main@broj                  cstackBANK1  00AA
main@c1                    cstackBANK1  00B7
main@c2                    cstackBANK1  00B9
main@c3                    cstackBANK1  00BB
main@c4                    cstackBANK1  00BD
main@i                     cstackBANK1  00BF
main@i_147                 cstackBANK1  00C5
main@j                     cstackBANK1  00C7
main@k                     cstackBANK1  00C9
main@opcija                cstackBANK1  00C1
main@temp                  cstackBANK1  00B3
main@temp1                 cstackBANK1  00C3
main@volt                  cstackBANK1  00AF
main@z                     cstackBANK1  00CB
printf@ap                  cstackBANK0  0028
printf@c                   cstackBANK0  002D
printf@f                   cstackBANK0  0020
printf@flag                cstackBANK0  0029
printf@prec                cstackBANK0  002A
printf@val                 cstackBANK0  002B
putch@a                    cstackCOMMON 0071
reset_vec                  reset_vec    0000
stackhi                    (abs)        0000
stacklo                    (abs)        0000
start                      init         0000
start_initialization       cinit        07EE
wtemp0                     (abs)        007E


FUNCTION INFORMATION:

 *************** function _main *****************
 Defined at:
		line 216 in file "ROK8ZAD2.c"
 Parameters:    Size  Location     Type
		None
 Auto vars:     Size  Location     Type
  z               2   43[BANK1 ] int 
  k               2   41[BANK1 ] int 
  j               2   39[BANK1 ] int 
  i               2   37[BANK1 ] int 
  i               2   31[BANK1 ] int 
  DISPLEJ        10    0[BANK1 ] unsigned char [10]
  temp            4   19[BANK1 ] float 
  volt            4   15[BANK1 ] float 
  adc             4   11[BANK1 ] float 
  temp1           2   35[BANK1 ] int 
  opcija          2   33[BANK1 ] int 
  c4              2   29[BANK1 ] int 
  c3              2   27[BANK1 ] int 
  c2              2   25[BANK1 ] int 
  c1              2   23[BANK1 ] int 
  broj            1   10[BANK1 ] unsigned char 
 Return value:  Size  Location     Type
                  1    wreg      void 
 Registers used:
		wreg, fsr0l, fsr0h, status,2, status,0, btemp+1, pclath, cstack
 Tracked objects:
		On entry : 
		On exit  : 
		Unchanged: 
 Data sizes:     COMMON   BANK0   BANK1   BANK3   BANK2
      Params:         0       0       0       0       0
      Locals:         0       0      45       0       0
      Temps:          0       4       0       0       0
      Totals:         0       4      45       0       0
Total ram usage:       49 bytes
 Hardware stack levels required when called:    3
 This function calls:
		_ADC_Initialize
		_ADC_Read
		_Lcd_Clear
		_Lcd_Init
		_Lcd_Set_Cursor
		_Lcd_Write_Char
		_Lcd_Write_String
		_ServoRotiraj0
		_ServoRotiraj180
		_UART_Get_Char
		_UART_Init
		_UART_Send_Char
		___awdiv
		___awmod
		___fldiv
		___flmul
		___fltol
		___xxtofl
		_printf
 This function is called by:
		Startup code after reset
 This function uses a non-reentrant model


 *************** function _printf *****************
 Defined at:
		line 472 in file "C:\Program Files (x86)\Microchip\xc8\v2.00\pic\sources\c90\common\doprnt.c"
 Parameters:    Size  Location     Type
  f               2    0[BANK0 ] PTR const unsigned char 
		 -> STR_22(3), STR_21(2), STR_20(3), STR_19(3), 
		 -> STR_18(2), STR_17(3), STR_16(3), STR_15(16), 
		 -> STR_14(25), STR_11(27), STR_8(25), STR_7(8), 
		 -> STR_6(42), STR_5(8), STR_4(38), STR_3(30), 
		 -> STR_2(45), STR_1(68), 
 Auto vars:     Size  Location     Type
  tmpval          4    0        struct .
  val             2   11[BANK0 ] unsigned int 
  cp              2    0        PTR const unsigned char 
  len             2    0        unsigned int 
  c               1   13[BANK0 ] unsigned char 
  prec            1   10[BANK0 ] char 
  flag            1    9[BANK0 ] unsigned char 
  ap              1    8[BANK0 ] PTR void [1]
		 -> ?_printf(2), 
 Return value:  Size  Location     Type
                  2    0[BANK0 ] int 
 Registers used:
		wreg, fsr0l, fsr0h, status,2, status,0, btemp+1, pclath, cstack
 Tracked objects:
		On entry : 
		On exit  : 
		Unchanged: 
 Data sizes:     COMMON   BANK0   BANK1   BANK3   BANK2
      Params:         0       4       0       0       0
      Locals:         0       6       0       0       0
      Temps:          0       4       0       0       0
      Totals:         0      14       0       0       0
Total ram usage:       14 bytes
 Hardware stack levels used:    1
 Hardware stack levels required when called:    2
 This function calls:
		___lwdiv
		___lwmod
		_putch
 This function is called by:
		_main
 This function uses a non-reentrant model


 *************** function _putch *****************
 Defined at:
		line 162 in file "ROK8ZAD2.c"
 Parameters:    Size  Location     Type
  a               1    wreg     unsigned char 
 Auto vars:     Size  Location     Type
  a               1    1[COMMON] unsigned char 
 Return value:  Size  Location     Type
                  1    wreg      void 
 Registers used:
		wreg, status,2, status,0, pclath, cstack
 Tracked objects:
		On entry : 
		On exit  : 
		Unchanged: 
 Data sizes:     COMMON   BANK0   BANK1   BANK3   BANK2
      Params:         0       0       0       0       0
      Locals:         1       0       0       0       0
      Temps:          0       0       0       0       0
      Totals:         1       0       0       0       0
Total ram usage:        1 bytes
 Hardware stack levels used:    1
 Hardware stack levels required when called:    1
 This function calls:
		_UART_Send_Char
 This function is called by:
		_printf
 This function uses a non-reentrant model


 *************** function _UART_Send_Char *****************
 Defined at:
		line 148 in file "ROK8ZAD2.c"
 Parameters:    Size  Location     Type
  a               1    wreg     unsigned char 
 Auto vars:     Size  Location     Type
  a               1    0[COMMON] unsigned char 
 Return value:  Size  Location     Type
                  1    wreg      void 
 Registers used:
		wreg
 Tracked objects:
		On entry : 
		On exit  : 
		Unchanged: 
 Data sizes:     COMMON   BANK0   BANK1   BANK3   BANK2
      Params:         0       0       0       0       0
      Locals:         1       0       0       0       0
      Temps:          0       0       0       0       0
      Totals:         1       0       0       0       0
Total ram usage:        1 bytes
 Hardware stack levels used:    1
 This function calls:
		Nothing
 This function is called by:
		_putch
		_main
 This function uses a non-reentrant model


 *************** function ___lwmod *****************
 Defined at:
		line 5 in file "C:\Program Files (x86)\Microchip\xc8\v2.00\pic\sources\c90\common\lwmod.c"
 Parameters:    Size  Location     Type
  divisor         2    8[COMMON] unsigned int 
  dividend        2   10[COMMON] unsigned int 
 Auto vars:     Size  Location     Type
  counter         1   13[COMMON] unsigned char 
 Return value:  Size  Location     Type
                  2    8[COMMON] unsigned int 
 Registers used:
		wreg, status,2, status,0
 Tracked objects:
		On entry : 
		On exit  : 
		Unchanged: 
 Data sizes:     COMMON   BANK0   BANK1   BANK3   BANK2
      Params:         4       0       0       0       0
      Locals:         1       0       0       0       0
      Temps:          1       0       0       0       0
      Totals:         6       0       0       0       0
Total ram usage:        6 bytes
 Hardware stack levels used:    1
 This function calls:
		Nothing
 This function is called by:
		_printf
 This function uses a non-reentrant model


 *************** function ___lwdiv *****************
 Defined at:
		line 5 in file "C:\Program Files (x86)\Microchip\xc8\v2.00\pic\sources\c90\common\lwdiv.c"
 Parameters:    Size  Location     Type
  divisor         2    0[COMMON] unsigned int 
  dividend        2    2[COMMON] unsigned int 
 Auto vars:     Size  Location     Type
  quotient        2    5[COMMON] unsigned int 
  counter         1    7[COMMON] unsigned char 
 Return value:  Size  Location     Type
                  2    0[COMMON] unsigned int 
 Registers used:
		wreg, status,2, status,0
 Tracked objects:
		On entry : 
		On exit  : 
		Unchanged: 
 Data sizes:     COMMON   BANK0   BANK1   BANK3   BANK2
      Params:         4       0       0       0       0
      Locals:         3       0       0       0       0
      Temps:          1       0       0       0       0
      Totals:         8       0       0       0       0
Total ram usage:        8 bytes
 Hardware stack levels used:    1
 This function calls:
		Nothing
 This function is called by:
		_printf
 This function uses a non-reentrant model


 *************** function ___xxtofl *****************
 Defined at:
		line 10 in file "C:\Program Files (x86)\Microchip\xc8\v2.00\pic\sources\c90\common\xxtofl.c"
 Parameters:    Size  Location     Type
  sign            1    wreg     unsigned char 
  val             4    5[COMMON] long 
 Auto vars:     Size  Location     Type
  sign            1    0[BANK0 ] unsigned char 
  arg             4    2[BANK0 ] unsigned long 
  exp             1    1[BANK0 ] unsigned char 
 Return value:  Size  Location     Type
                  4    5[COMMON] unsigned char 
 Registers used:
		wreg, status,2, status,0
 Tracked objects:
		On entry : 
		On exit  : 
		Unchanged: 
 Data sizes:     COMMON   BANK0   BANK1   BANK3   BANK2
      Params:         4       0       0       0       0
      Locals:         0       6       0       0       0
      Temps:          4       0       0       0       0
      Totals:         8       6       0       0       0
Total ram usage:       14 bytes
 Hardware stack levels used:    1
 This function calls:
		Nothing
 This function is called by:
		_main
 This function uses a non-reentrant model


 *************** function ___fltol *****************
 Defined at:
		line 43 in file "C:\Program Files (x86)\Microchip\xc8\v2.00\pic\sources\c90\common\fltol.c"
 Parameters:    Size  Location     Type
  f1              4   21[BANK0 ] unsigned char 
 Auto vars:     Size  Location     Type
  exp1            1   31[BANK0 ] unsigned char 
  sign1           1   30[BANK0 ] unsigned char 
 Return value:  Size  Location     Type
                  4   21[BANK0 ] long 
 Registers used:
		wreg, status,2, status,0
 Tracked objects:
		On entry : 
		On exit  : 
		Unchanged: 
 Data sizes:     COMMON   BANK0   BANK1   BANK3   BANK2
      Params:         0       4       0       0       0
      Locals:         0       2       0       0       0
      Temps:          0       5       0       0       0
      Totals:         0      11       0       0       0
Total ram usage:       11 bytes
 Hardware stack levels used:    1
 This function calls:
		Nothing
 This function is called by:
		_main
 This function uses a non-reentrant model


 *************** function ___flmul *****************
 Defined at:
		line 8 in file "C:\Program Files (x86)\Microchip\xc8\v2.00\pic\sources\c90\common\sprcmul.c"
 Parameters:    Size  Location     Type
  b               4    0[BANK0 ] long 
  a               4    4[BANK0 ] long 
 Auto vars:     Size  Location     Type
  prod            4   15[BANK0 ] struct .
  grs             4    9[BANK0 ] unsigned long 
  temp            2   19[BANK0 ] struct .
  bexp            1   14[BANK0 ] unsigned char 
  aexp            1   13[BANK0 ] unsigned char 
  sign            1    8[BANK0 ] unsigned char 
 Return value:  Size  Location     Type
                  4    0[BANK0 ] unsigned char 
 Registers used:
		wreg, status,2, status,0, btemp+1, pclath, cstack
 Tracked objects:
		On entry : 
		On exit  : 
		Unchanged: 
 Data sizes:     COMMON   BANK0   BANK1   BANK3   BANK2
      Params:         0       8       0       0       0
      Locals:         0      13       0       0       0
      Temps:          5       0       0       0       0
      Totals:         5      21       0       0       0
Total ram usage:       26 bytes
 Hardware stack levels used:    1
 Hardware stack levels required when called:    1
 This function calls:
		__Umul8_16
 This function is called by:
		_main
 This function uses a non-reentrant model


 *************** function __Umul8_16 *****************
 Defined at:
		line 4 in file "C:\Program Files (x86)\Microchip\xc8\v2.00\pic\sources\c90\common\Umul8_16.c"
 Parameters:    Size  Location     Type
  multiplier      1    wreg     unsigned char 
  multiplicand    1    0[COMMON] unsigned char 
 Auto vars:     Size  Location     Type
  multiplier      1    8[COMMON] unsigned char 
  word_mpld       2    6[COMMON] unsigned int 
  product         2    4[COMMON] unsigned int 
 Return value:  Size  Location     Type
                  2    0[COMMON] unsigned int 
 Registers used:
		wreg, status,2, status,0
 Tracked objects:
		On entry : 
		On exit  : 
		Unchanged: 
 Data sizes:     COMMON   BANK0   BANK1   BANK3   BANK2
      Params:         2       0       0       0       0
      Locals:         5       0       0       0       0
      Temps:          2       0       0       0       0
      Totals:         9       0       0       0       0
Total ram usage:        9 bytes
 Hardware stack levels used:    1
 This function calls:
		Nothing
 This function is called by:
		___flmul
 This function uses a non-reentrant model


 *************** function ___fldiv *****************
 Defined at:
		line 8 in file "C:\Program Files (x86)\Microchip\xc8\v2.00\pic\sources\c90\common\sprcdiv.c"
 Parameters:    Size  Location     Type
  a               4    0[COMMON] unsigned int 
  b               4    4[COMMON] unsigned int 
 Auto vars:     Size  Location     Type
  grs             4    7[BANK0 ] unsigned long 
  rem             4    0[BANK0 ] unsigned long 
  new_exp         2    5[BANK0 ] int 
  aexp            1   12[BANK0 ] unsigned char 
  bexp            1   11[BANK0 ] unsigned char 
  sign            1    4[BANK0 ] unsigned char 
 Return value:  Size  Location     Type
                  4    0[COMMON] unsigned char 
 Registers used:
		wreg, status,2, status,0, btemp+1
 Tracked objects:
		On entry : 
		On exit  : 
		Unchanged: 
 Data sizes:     COMMON   BANK0   BANK1   BANK3   BANK2
      Params:         8       0       0       0       0
      Locals:         0      13       0       0       0
      Temps:          5       0       0       0       0
      Totals:        13      13       0       0       0
Total ram usage:       26 bytes
 Hardware stack levels used:    1
 This function calls:
		Nothing
 This function is called by:
		_main
 This function uses a non-reentrant model


 *************** function ___awmod *****************
 Defined at:
		line 5 in file "C:\Program Files (x86)\Microchip\xc8\v2.00\pic\sources\c90\common\awmod.c"
 Parameters:    Size  Location     Type
  divisor         2    9[COMMON] int 
  dividend        2   11[COMMON] int 
 Auto vars:     Size  Location     Type
  sign            1    1[BANK0 ] unsigned char 
  counter         1    0[BANK0 ] unsigned char 
 Return value:  Size  Location     Type
                  2    9[COMMON] int 
 Registers used:
		wreg, status,2, status,0
 Tracked objects:
		On entry : 
		On exit  : 
		Unchanged: 
 Data sizes:     COMMON   BANK0   BANK1   BANK3   BANK2
      Params:         4       0       0       0       0
      Locals:         0       2       0       0       0
      Temps:          1       0       0       0       0
      Totals:         5       2       0       0       0
Total ram usage:        7 bytes
 Hardware stack levels used:    1
 This function calls:
		Nothing
 This function is called by:
		_main
 This function uses a non-reentrant model


 *************** function ___awdiv *****************
 Defined at:
		line 5 in file "C:\Program Files (x86)\Microchip\xc8\v2.00\pic\sources\c90\common\awdiv.c"
 Parameters:    Size  Location     Type
  divisor         2    0[COMMON] int 
  dividend        2    2[COMMON] int 
 Auto vars:     Size  Location     Type
  quotient        2    7[COMMON] int 
  sign            1    6[COMMON] unsigned char 
  counter         1    5[COMMON] unsigned char 
 Return value:  Size  Location     Type
                  2    0[COMMON] int 
 Registers used:
		wreg, status,2, status,0
 Tracked objects:
		On entry : 
		On exit  : 
		Unchanged: 
 Data sizes:     COMMON   BANK0   BANK1   BANK3   BANK2
      Params:         4       0       0       0       0
      Locals:         4       0       0       0       0
      Temps:          1       0       0       0       0
      Totals:         9       0       0       0       0
Total ram usage:        9 bytes
 Hardware stack levels used:    1
 This function calls:
		Nothing
 This function is called by:
		_main
 This function uses a non-reentrant model


 *************** function _UART_Init *****************
 Defined at:
		line 131 in file "ROK8ZAD2.c"
 Parameters:    Size  Location     Type
		None
 Auto vars:     Size  Location     Type
		None
 Return value:  Size  Location     Type
                  1    wreg      void 
 Registers used:
		wreg
 Tracked objects:
		On entry : 
		On exit  : 
		Unchanged: 
 Data sizes:     COMMON   BANK0   BANK1   BANK3   BANK2
      Params:         0       0       0       0       0
      Locals:         0       0       0       0       0
      Temps:          0       0       0       0       0
      Totals:         0       0       0       0       0
Total ram usage:        0 bytes
 Hardware stack levels used:    1
 This function calls:
		Nothing
 This function is called by:
		_main
 This function uses a non-reentrant model


 *************** function _UART_Get_Char *****************
 Defined at:
		line 153 in file "ROK8ZAD2.c"
 Parameters:    Size  Location     Type
		None
 Auto vars:     Size  Location     Type
		None
 Return value:  Size  Location     Type
                  1    wreg      unsigned char 
 Registers used:
		wreg
 Tracked objects:
		On entry : 
		On exit  : 
		Unchanged: 
 Data sizes:     COMMON   BANK0   BANK1   BANK3   BANK2
      Params:         0       0       0       0       0
      Locals:         0       0       0       0       0
      Temps:          0       0       0       0       0
      Totals:         0       0       0       0       0
Total ram usage:        0 bytes
 Hardware stack levels used:    1
 This function calls:
		Nothing
 This function is called by:
		_main
 This function uses a non-reentrant model


 *************** function _ServoRotiraj180 *****************
 Defined at:
		line 206 in file "ROK8ZAD2.c"
 Parameters:    Size  Location     Type
		None
 Auto vars:     Size  Location     Type
  i               2    2[COMMON] unsigned int 
 Return value:  Size  Location     Type
                  1    wreg      void 
 Registers used:
		wreg, status,2
 Tracked objects:
		On entry : 
		On exit  : 
		Unchanged: 
 Data sizes:     COMMON   BANK0   BANK1   BANK3   BANK2
      Params:         0       0       0       0       0
      Locals:         2       0       0       0       0
      Temps:          2       0       0       0       0
      Totals:         4       0       0       0       0
Total ram usage:        4 bytes
 Hardware stack levels used:    1
 This function calls:
		Nothing
 This function is called by:
		_main
 This function uses a non-reentrant model


 *************** function _ServoRotiraj0 *****************
 Defined at:
		line 186 in file "ROK8ZAD2.c"
 Parameters:    Size  Location     Type
		None
 Auto vars:     Size  Location     Type
  i               2    2[COMMON] unsigned int 
 Return value:  Size  Location     Type
                  1    wreg      void 
 Registers used:
		wreg, status,2
 Tracked objects:
		On entry : 
		On exit  : 
		Unchanged: 
 Data sizes:     COMMON   BANK0   BANK1   BANK3   BANK2
      Params:         0       0       0       0       0
      Locals:         2       0       0       0       0
      Temps:          2       0       0       0       0
      Totals:         4       0       0       0       0
Total ram usage:        4 bytes
 Hardware stack levels used:    1
 This function calls:
		Nothing
 This function is called by:
		_main
 This function uses a non-reentrant model


 *************** function _Lcd_Write_String *****************
 Defined at:
		line 121 in file "ROK8ZAD2.c"
 Parameters:    Size  Location     Type
  a               2    5[COMMON] PTR unsigned char 
		 -> STR_25(2), STR_24(2), STR_23(12), STR_13(32), 
		 -> STR_12(28), STR_10(31), STR_9(31), 
 Auto vars:     Size  Location     Type
  i               2   10[COMMON] int 
 Return value:  Size  Location     Type
                  1    wreg      void 
 Registers used:
		wreg, fsr0l, fsr0h, status,2, status,0, btemp+1, pclath, cstack
 Tracked objects:
		On entry : 
		On exit  : 
		Unchanged: 
 Data sizes:     COMMON   BANK0   BANK1   BANK3   BANK2
      Params:         2       0       0       0       0
      Locals:         2       0       0       0       0
      Temps:          3       0       0       0       0
      Totals:         7       0       0       0       0
Total ram usage:        7 bytes
 Hardware stack levels used:    1
 Hardware stack levels required when called:    2
 This function calls:
		_Lcd_Write_Char
 This function is called by:
		_main
 This function uses a non-reentrant model


 *************** function _Lcd_Write_Char *****************
 Defined at:
		line 106 in file "ROK8ZAD2.c"
 Parameters:    Size  Location     Type
  a               1    wreg     unsigned char 
 Auto vars:     Size  Location     Type
  a               1    4[COMMON] unsigned char 
  y               1    3[COMMON] unsigned char 
  temp            1    2[COMMON] unsigned char 
 Return value:  Size  Location     Type
                  1    wreg      void 
 Registers used:
		wreg, status,2, status,0, pclath, cstack
 Tracked objects:
		On entry : 
		On exit  : 
		Unchanged: 
 Data sizes:     COMMON   BANK0   BANK1   BANK3   BANK2
      Params:         0       0       0       0       0
      Locals:         3       0       0       0       0
      Temps:          1       0       0       0       0
      Totals:         4       0       0       0       0
Total ram usage:        4 bytes
 Hardware stack levels used:    1
 Hardware stack levels required when called:    1
 This function calls:
		_Lcd_Port
 This function is called by:
		_Lcd_Write_String
		_main
 This function uses a non-reentrant model


 *************** function _Lcd_Set_Cursor *****************
 Defined at:
		line 71 in file "ROK8ZAD2.c"
 Parameters:    Size  Location     Type
  a               1    wreg     unsigned char 
  b               1    4[COMMON] unsigned char 
 Auto vars:     Size  Location     Type
  a               1    7[COMMON] unsigned char 
  temp            1   10[COMMON] unsigned char 
  y               1    9[COMMON] unsigned char 
  z               1    8[COMMON] unsigned char 
 Return value:  Size  Location     Type
                  1    wreg      void 
 Registers used:
		wreg, status,2, status,0, pclath, cstack
 Tracked objects:
		On entry : 
		On exit  : 
		Unchanged: 
 Data sizes:     COMMON   BANK0   BANK1   BANK3   BANK2
      Params:         1       0       0       0       0
      Locals:         4       0       0       0       0
      Temps:          2       0       0       0       0
      Totals:         7       0       0       0       0
Total ram usage:        7 bytes
 Hardware stack levels used:    1
 Hardware stack levels required when called:    2
 This function calls:
		_Lcd_Cmd
 This function is called by:
		_main
 This function uses a non-reentrant model


 *************** function _Lcd_Init *****************
 Defined at:
		line 89 in file "ROK8ZAD2.c"
 Parameters:    Size  Location     Type
		None
 Auto vars:     Size  Location     Type
		None
 Return value:  Size  Location     Type
                  1    wreg      void 
 Registers used:
		wreg, status,2, status,0, pclath, cstack
 Tracked objects:
		On entry : 
		On exit  : 
		Unchanged: 
 Data sizes:     COMMON   BANK0   BANK1   BANK3   BANK2
      Params:         0       0       0       0       0
      Locals:         0       0       0       0       0
      Temps:          2       0       0       0       0
      Totals:         2       0       0       0       0
Total ram usage:        2 bytes
 Hardware stack levels used:    1
 Hardware stack levels required when called:    2
 This function calls:
		_Lcd_Cmd
		_Lcd_Port
 This function is called by:
		_main
 This function uses a non-reentrant model


 *************** function _Lcd_Clear *****************
 Defined at:
		line 66 in file "ROK8ZAD2.c"
 Parameters:    Size  Location     Type
		None
 Auto vars:     Size  Location     Type
		None
 Return value:  Size  Location     Type
                  2   92[None  ] int 
 Registers used:
		wreg, status,2, status,0, pclath, cstack
 Tracked objects:
		On entry : 
		On exit  : 
		Unchanged: 
 Data sizes:     COMMON   BANK0   BANK1   BANK3   BANK2
      Params:         0       0       0       0       0
      Locals:         0       0       0       0       0
      Temps:          0       0       0       0       0
      Totals:         0       0       0       0       0
Total ram usage:        0 bytes
 Hardware stack levels used:    1
 Hardware stack levels required when called:    2
 This function calls:
		_Lcd_Cmd
 This function is called by:
		_main
 This function uses a non-reentrant model


 *************** function _Lcd_Cmd *****************
 Defined at:
		line 59 in file "ROK8ZAD2.c"
 Parameters:    Size  Location     Type
  a               1    wreg     unsigned char 
 Auto vars:     Size  Location     Type
  a               1    3[COMMON] unsigned char 
 Return value:  Size  Location     Type
                  1    wreg      void 
 Registers used:
		wreg, status,2, status,0, pclath, cstack
 Tracked objects:
		On entry : 
		On exit  : 
		Unchanged: 
 Data sizes:     COMMON   BANK0   BANK1   BANK3   BANK2
      Params:         0       0       0       0       0
      Locals:         1       0       0       0       0
      Temps:          2       0       0       0       0
      Totals:         3       0       0       0       0
Total ram usage:        3 bytes
 Hardware stack levels used:    1
 Hardware stack levels required when called:    1
 This function calls:
		_Lcd_Port
 This function is called by:
		_Lcd_Clear
		_Lcd_Set_Cursor
		_Lcd_Init
 This function uses a non-reentrant model


 *************** function _Lcd_Port *****************
 Defined at:
		line 40 in file "ROK8ZAD2.c"
 Parameters:    Size  Location     Type
  a               1    wreg     unsigned char 
 Auto vars:     Size  Location     Type
  a               1    0[COMMON] unsigned char 
 Return value:  Size  Location     Type
                  1    wreg      void 
 Registers used:
		wreg
 Tracked objects:
		On entry : 
		On exit  : 
		Unchanged: 
 Data sizes:     COMMON   BANK0   BANK1   BANK3   BANK2
      Params:         0       0       0       0       0
      Locals:         1       0       0       0       0
      Temps:          0       0       0       0       0
      Totals:         1       0       0       0       0
Total ram usage:        1 bytes
 Hardware stack levels used:    1
 This function calls:
		Nothing
 This function is called by:
		_Lcd_Cmd
		_Lcd_Init
		_Lcd_Write_Char
 This function uses a non-reentrant model


 *************** function _ADC_Read *****************
 Defined at:
		line 172 in file "ROK8ZAD2.c"
 Parameters:    Size  Location     Type
  channel         1    wreg     unsigned char 
 Auto vars:     Size  Location     Type
  channel         1    4[COMMON] unsigned char 
 Return value:  Size  Location     Type
                  2    0[COMMON] unsigned int 
 Registers used:
		wreg, status,2, status,0
 Tracked objects:
		On entry : 
		On exit  : 
		Unchanged: 
 Data sizes:     COMMON   BANK0   BANK1   BANK3   BANK2
      Params:         2       0       0       0       0
      Locals:         1       0       0       0       0
      Temps:          2       0       0       0       0
      Totals:         5       0       0       0       0
Total ram usage:        5 bytes
 Hardware stack levels used:    1
 This function calls:
		Nothing
 This function is called by:
		_main
 This function uses a non-reentrant model


 *************** function _ADC_Initialize *****************
 Defined at:
		line 166 in file "ROK8ZAD2.c"
 Parameters:    Size  Location     Type
		None
 Auto vars:     Size  Location     Type
		None
 Return value:  Size  Location     Type
                  1    wreg      void 
 Registers used:
		wreg
 Tracked objects:
		On entry : 
		On exit  : 
		Unchanged: 
 Data sizes:     COMMON   BANK0   BANK1   BANK3   BANK2
      Params:         0       0       0       0       0
      Locals:         0       0       0       0       0
      Temps:          0       0       0       0       0
      Totals:         0       0       0       0       0
Total ram usage:        0 bytes
 Hardware stack levels used:    1
 This function calls:
		Nothing
 This function is called by:
		_main
 This function uses a non-reentrant model



MODULE INFORMATION

Module		Function		Class		Link	Load	Size
C:\Program Files (x86)\Microchip\xc8\v2.00\pic\sources\c90\common\lwmod.c
		___lwmod       		CODE           	0868	0000	66

C:\Program Files (x86)\Microchip\xc8\v2.00\pic\sources\c90\common\lwmod.c estimated size: 66

C:\Program Files (x86)\Microchip\xc8\v2.00\pic\sources\c90\common\awmod.c
		___awmod       		CODE           	09EA	0000	102

C:\Program Files (x86)\Microchip\xc8\v2.00\pic\sources\c90\common\awmod.c estimated size: 102

C:\Program Files (x86)\Microchip\xc8\v2.00\pic\sources\c90\common\doprnt.c
		_printf        		CODE           	0B84	0000	264

C:\Program Files (x86)\Microchip\xc8\v2.00\pic\sources\c90\common\doprnt.c estimated size: 264

C:\Program Files (x86)\Microchip\xc8\v2.00\pic\sources\c90\common\sprcmul.c
		___flmul       		CODE           	0C8B	0000	886

C:\Program Files (x86)\Microchip\xc8\v2.00\pic\sources\c90\common\sprcmul.c estimated size: 886

C:\Program Files (x86)\Microchip\xc8\v2.00\pic\sources\c90\common\sprcdiv.c
		___fldiv       		CODE           	00BE	0000	528

C:\Program Files (x86)\Microchip\xc8\v2.00\pic\sources\c90\common\sprcdiv.c estimated size: 528

C:\Program Files (x86)\Microchip\xc8\v2.00\pic\sources\c90\common\lwdiv.c
		___lwdiv       		CODE           	08ED	0000	76

C:\Program Files (x86)\Microchip\xc8\v2.00\pic\sources\c90\common\lwdiv.c estimated size: 76

C:\Program Files (x86)\Microchip\xc8\v2.00\pic\sources\c90\common\awdiv.c
		___awdiv       		CODE           	0A4F	0000	114

C:\Program Files (x86)\Microchip\xc8\v2.00\pic\sources\c90\common\awdiv.c estimated size: 114

C:\Program Files (x86)\Microchip\xc8\v2.00\pic\sources\c90\common\fltol.c
		___fltol       		CODE           	0022	0000	157

C:\Program Files (x86)\Microchip\xc8\v2.00\pic\sources\c90\common\fltol.c estimated size: 157

ROK8ZAD2.c
		_Lcd_Write_String		CODE           	08A9	0000	69
		_Lcd_Init      		CODE           	098C	0000	95
		_ServoRotiraj180		CODE           	17CA	0000	55
		_putch         		CODE           	16D6	0000	9
		_Lcd_Write_Char		CODE           	082F	0000	58
		_ADC_Initialize		CODE           	16DE	0000	10
		_UART_Init     		CODE           	172F	0000	25
		_main          		CODE           	02CD	0000	1314
		_Lcd_Cmd       		CODE           	0008	0000	27
		_UART_Get_Char 		CODE           	170A	0000	19
		_Lcd_Set_Cursor		CODE           	0938	0000	85
		_Lcd_Clear     		CODE           	16FD	0000	14
		_UART_Send_Char		CODE           	16F1	0000	13
		_Lcd_Port      		CODE           	1747	0000	36
		_ADC_Read      		CODE           	0801	0000	47
		_ServoRotiraj0 		CODE           	1794	0000	55

ROK8ZAD2.c estimated size: 1931

shared
		__stringtab    		STRCODE        	1000	0000	19
		_dpowers       		STRCODE        	1012	0000	11
		__initialization		CODE           	07EE	0000	15

shared estimated size: 45

C:\Program Files (x86)\Microchip\xc8\v2.00\pic\sources\c90\common\xxtofl.c
		___xxtofl      		CODE           	0AC0	0000	197

C:\Program Files (x86)\Microchip\xc8\v2.00\pic\sources\c90\common\xxtofl.c estimated size: 197

C:\Program Files (x86)\Microchip\xc8\v2.00\pic\sources\c90\common\Umul8_16.c
		__Umul8_16     		CODE           	176A	0000	43

C:\Program Files (x86)\Microchip\xc8\v2.00\pic\sources\c90\common\Umul8_16.c estimated size: 43

